Archive member included to satisfy reference by file (symbol)

D:\STM32\STM32_CMCIS\lib_stm\libLibraries.a(system_stm32f4xx.o)
                              ./Src/main.o (SystemCoreClockUpdate)
D:\STM32\STM32_CMCIS\lib_stm\libLibraries.a(misc.o)
                              ./Src/main.o (NVIC_Init)
D:\STM32\STM32_CMCIS\lib_stm\libLibraries.a(stm32f401re_exti.o)
                              ./Src/main.o (EXTI_Init)
D:\STM32\STM32_CMCIS\lib_stm\libLibraries.a(stm32f401re_gpio.o)
                              ./Src/main.o (GPIO_Init)
D:\STM32\STM32_CMCIS\lib_stm\libLibraries.a(stm32f401re_i2c.o)
                              ./Src/main.o (I2C_Init)
D:\STM32\STM32_CMCIS\lib_stm\libLibraries.a(stm32f401re_rcc.o)
                              D:\STM32\STM32_CMCIS\lib_stm\libLibraries.a(stm32f401re_i2c.o) (RCC_GetClocksFreq)
D:\STM32\STM32_CMCIS\lib_stm\libLibraries.a(stm32f401re_spi.o)
                              ./Src/main.o (SPI_Init)
D:\STM32\STM32_CMCIS\lib_stm\libLibraries.a(stm32f401re_syscfg.o)
                              ./Src/main.o (SYSCFG_EXTILineConfig)
c:/st/stm32cubeide_1.9.0/stm32cubeide/plugins/com.st.stm32cube.ide.mcu.externaltools.gnu-tools-for-stm32.10.3-2021.10.win32_1.0.0.202111181127/tools/bin/../lib/gcc/arm-none-eabi/10.3.1/../../../../arm-none-eabi/lib/thumb/v7e-m+fp/hard\libc_nano.a(lib_a-errno.o)
                              ./Src/syscalls.o (__errno)
c:/st/stm32cubeide_1.9.0/stm32cubeide/plugins/com.st.stm32cube.ide.mcu.externaltools.gnu-tools-for-stm32.10.3-2021.10.win32_1.0.0.202111181127/tools/bin/../lib/gcc/arm-none-eabi/10.3.1/../../../../arm-none-eabi/lib/thumb/v7e-m+fp/hard\libc_nano.a(lib_a-exit.o)
                              c:/st/stm32cubeide_1.9.0/stm32cubeide/plugins/com.st.stm32cube.ide.mcu.externaltools.gnu-tools-for-stm32.10.3-2021.10.win32_1.0.0.202111181127/tools/bin/../lib/gcc/arm-none-eabi/10.3.1/../../../../arm-none-eabi/lib/thumb/v7e-m+fp/hard/crt0.o (exit)
c:/st/stm32cubeide_1.9.0/stm32cubeide/plugins/com.st.stm32cube.ide.mcu.externaltools.gnu-tools-for-stm32.10.3-2021.10.win32_1.0.0.202111181127/tools/bin/../lib/gcc/arm-none-eabi/10.3.1/../../../../arm-none-eabi/lib/thumb/v7e-m+fp/hard\libc_nano.a(lib_a-impure.o)
                              c:/st/stm32cubeide_1.9.0/stm32cubeide/plugins/com.st.stm32cube.ide.mcu.externaltools.gnu-tools-for-stm32.10.3-2021.10.win32_1.0.0.202111181127/tools/bin/../lib/gcc/arm-none-eabi/10.3.1/../../../../arm-none-eabi/lib/thumb/v7e-m+fp/hard\libc_nano.a(lib_a-exit.o) (_global_impure_ptr)
c:/st/stm32cubeide_1.9.0/stm32cubeide/plugins/com.st.stm32cube.ide.mcu.externaltools.gnu-tools-for-stm32.10.3-2021.10.win32_1.0.0.202111181127/tools/bin/../lib/gcc/arm-none-eabi/10.3.1/../../../../arm-none-eabi/lib/thumb/v7e-m+fp/hard\libc_nano.a(lib_a-init.o)
                              c:/st/stm32cubeide_1.9.0/stm32cubeide/plugins/com.st.stm32cube.ide.mcu.externaltools.gnu-tools-for-stm32.10.3-2021.10.win32_1.0.0.202111181127/tools/bin/../lib/gcc/arm-none-eabi/10.3.1/../../../../arm-none-eabi/lib/thumb/v7e-m+fp/hard/crt0.o (__libc_init_array)
c:/st/stm32cubeide_1.9.0/stm32cubeide/plugins/com.st.stm32cube.ide.mcu.externaltools.gnu-tools-for-stm32.10.3-2021.10.win32_1.0.0.202111181127/tools/bin/../lib/gcc/arm-none-eabi/10.3.1/../../../../arm-none-eabi/lib/thumb/v7e-m+fp/hard\libc_nano.a(lib_a-memset.o)
                              c:/st/stm32cubeide_1.9.0/stm32cubeide/plugins/com.st.stm32cube.ide.mcu.externaltools.gnu-tools-for-stm32.10.3-2021.10.win32_1.0.0.202111181127/tools/bin/../lib/gcc/arm-none-eabi/10.3.1/../../../../arm-none-eabi/lib/thumb/v7e-m+fp/hard/crt0.o (memset)

Discarded input sections

 .text          0x0000000000000000        0x0 c:/st/stm32cubeide_1.9.0/stm32cubeide/plugins/com.st.stm32cube.ide.mcu.externaltools.gnu-tools-for-stm32.10.3-2021.10.win32_1.0.0.202111181127/tools/bin/../lib/gcc/arm-none-eabi/10.3.1/thumb/v7e-m+fp/hard/crti.o
 .data          0x0000000000000000        0x0 c:/st/stm32cubeide_1.9.0/stm32cubeide/plugins/com.st.stm32cube.ide.mcu.externaltools.gnu-tools-for-stm32.10.3-2021.10.win32_1.0.0.202111181127/tools/bin/../lib/gcc/arm-none-eabi/10.3.1/thumb/v7e-m+fp/hard/crti.o
 .bss           0x0000000000000000        0x0 c:/st/stm32cubeide_1.9.0/stm32cubeide/plugins/com.st.stm32cube.ide.mcu.externaltools.gnu-tools-for-stm32.10.3-2021.10.win32_1.0.0.202111181127/tools/bin/../lib/gcc/arm-none-eabi/10.3.1/thumb/v7e-m+fp/hard/crti.o
 .data          0x0000000000000000        0x4 c:/st/stm32cubeide_1.9.0/stm32cubeide/plugins/com.st.stm32cube.ide.mcu.externaltools.gnu-tools-for-stm32.10.3-2021.10.win32_1.0.0.202111181127/tools/bin/../lib/gcc/arm-none-eabi/10.3.1/thumb/v7e-m+fp/hard/crtbegin.o
 .rodata        0x0000000000000000       0x24 c:/st/stm32cubeide_1.9.0/stm32cubeide/plugins/com.st.stm32cube.ide.mcu.externaltools.gnu-tools-for-stm32.10.3-2021.10.win32_1.0.0.202111181127/tools/bin/../lib/gcc/arm-none-eabi/10.3.1/thumb/v7e-m+fp/hard/crtbegin.o
[...]
Memory Configuration

Name             Origin             Length             Attributes
RAM              0x0000000020000000 0x0000000000018000 xrw
FLASH            0x0000000008000000 0x0000000000080000 xr
*default*        0x0000000000000000 0xffffffffffffffff

Linker script and memory map

LOAD c:/st/stm32cubeide_1.9.0/stm32cubeide/plugins/com.st.stm32cube.ide.mcu.externaltools.gnu-tools-for-stm32.10.3-2021.10.win32_1.0.0.202111181127/tools/bin/../lib/gcc/arm-none-eabi/10.3.1/thumb/v7e-m+fp/hard/crti.o
LOAD c:/st/stm32cubeide_1.9.0/stm32cubeide/plugins/com.st.stm32cube.ide.mcu.externaltools.gnu-tools-for-stm32.10.3-2021.10.win32_1.0.0.202111181127/tools/bin/../lib/gcc/arm-none-eabi/10.3.1/thumb/v7e-m+fp/hard/crtbegin.o
LOAD c:/st/stm32cubeide_1.9.0/stm32cubeide/plugins/com.st.stm32cube.ide.mcu.externaltools.gnu-tools-for-stm32.10.3-2021.10.win32_1.0.0.202111181127/tools/bin/../lib/gcc/arm-none-eabi/10.3.1/../../../../arm-none-eabi/lib/thumb/v7e-m+fp/hard/crt0.o
LOAD ./Src/main.o
LOAD ./Src/syscalls.o
LOAD ./Src/sysmem.o
LOAD ./Startup/startup_stm32f401retx.o
LOAD D:\STM32\STM32_CMCIS\lib_stm\libLibraries.a
START GROUP
LOAD c:/st/stm32cubeide_1.9.0/stm32cubeide/plugins/com.st.stm32cube.ide.mcu.externaltools.gnu-tools-for-stm32.10.3-2021.10.win32_1.0.0.202111181127/tools/bin/../lib/gcc/arm-none-eabi/10.3.1/../../../../arm-none-eabi/lib/thumb/v7e-m+fp/hard\libc_nano.a
LOAD c:/st/stm32cubeide_1.9.0/stm32cubeide/plugins/com.st.stm32cube.ide.mcu.externaltools.gnu-tools-for-stm32.10.3-2021.10.win32_1.0.0.202111181127/tools/bin/../lib/gcc/arm-none-eabi/10.3.1/../../../../arm-none-eabi/lib/thumb/v7e-m+fp/hard\libm.a
END GROUP
START GROUP
LOAD c:/st/stm32cubeide_1.9.0/stm32cubeide/plugins/com.st.stm32cube.ide.mcu.externaltools.gnu-tools-for-stm32.10.3-2021.10.win32_1.0.0.202111181127/tools/bin/../lib/gcc/arm-none-eabi/10.3.1/thumb/v7e-m+fp/hard\libgcc.a
LOAD c:/st/stm32cubeide_1.9.0/stm32cubeide/plugins/com.st.stm32cube.ide.mcu.externaltools.gnu-tools-for-stm32.10.3-2021.10.win32_1.0.0.202111181127/tools/bin/../lib/gcc/arm-none-eabi/10.3.1/../../../../arm-none-eabi/lib/thumb/v7e-m+fp/hard\libc_nano.a
END GROUP
START GROUP
LOAD c:/st/stm32cubeide_1.9.0/stm32cubeide/plugins/com.st.stm32cube.ide.mcu.externaltools.gnu-tools-for-stm32.10.3-2021.10.win32_1.0.0.202111181127/tools/bin/../lib/gcc/arm-none-eabi/10.3.1/thumb/v7e-m+fp/hard\libgcc.a
LOAD c:/st/stm32cubeide_1.9.0/stm32cubeide/plugins/com.st.stm32cube.ide.mcu.externaltools.gnu-tools-for-stm32.10.3-2021.10.win32_1.0.0.202111181127/tools/bin/../lib/gcc/arm-none-eabi/10.3.1/../../../../arm-none-eabi/lib/thumb/v7e-m+fp/hard\libc_nano.a
LOAD c:/st/stm32cubeide_1.9.0/stm32cubeide/plugins/com.st.stm32cube.ide.mcu.externaltools.gnu-tools-for-stm32.10.3-2021.10.win32_1.0.0.202111181127/tools/bin/../lib/gcc/arm-none-eabi/10.3.1/../../../../arm-none-eabi/lib/thumb/v7e-m+fp/hard\libnosys.a
END GROUP
START GROUP
LOAD c:/st/stm32cubeide_1.9.0/stm32cubeide/plugins/com.st.stm32cube.ide.mcu.externaltools.gnu-tools-for-stm32.10.3-2021.10.win32_1.0.0.202111181127/tools/bin/../lib/gcc/arm-none-eabi/10.3.1/thumb/v7e-m+fp/hard\libgcc.a
LOAD c:/st/stm32cubeide_1.9.0/stm32cubeide/plugins/com.st.stm32cube.ide.mcu.externaltools.gnu-tools-for-stm32.10.3-2021.10.win32_1.0.0.202111181127/tools/bin/../lib/gcc/arm-none-eabi/10.3.1/../../../../arm-none-eabi/lib/thumb/v7e-m+fp/hard\libc_nano.a
LOAD c:/st/stm32cubeide_1.9.0/stm32cubeide/plugins/com.st.stm32cube.ide.mcu.externaltools.gnu-tools-for-stm32.10.3-2021.10.win32_1.0.0.202111181127/tools/bin/../lib/gcc/arm-none-eabi/10.3.1/../../../../arm-none-eabi/lib/thumb/v7e-m+fp/hard\libnosys.a
END GROUP
LOAD c:/st/stm32cubeide_1.9.0/stm32cubeide/plugins/com.st.stm32cube.ide.mcu.externaltools.gnu-tools-for-stm32.10.3-2021.10.win32_1.0.0.202111181127/tools/bin/../lib/gcc/arm-none-eabi/10.3.1/thumb/v7e-m+fp/hard/crtend.o
LOAD c:/st/stm32cubeide_1.9.0/stm32cubeide/plugins/com.st.stm32cube.ide.mcu.externaltools.gnu-tools-for-stm32.10.3-2021.10.win32_1.0.0.202111181127/tools/bin/../lib/gcc/arm-none-eabi/10.3.1/thumb/v7e-m+fp/hard/crtn.o
                0x0000000020018000                _estack = (ORIGIN (RAM) + LENGTH (RAM))
                0x0000000000000200                _Min_Heap_Size = 0x200
                0x0000000000000400                _Min_Stack_Size = 0x400

.isr_vector     0x0000000008000000      0x194
                0x0000000008000000                . = ALIGN (0x4)
 *(.isr_vector)
 .isr_vector    0x0000000008000000      0x194 ./Startup/startup_stm32f401retx.o
                0x0000000008000000                g_pfnVectors
                0x0000000008000194                . = ALIGN (0x4)

.text           0x0000000008000194     0x1c90
                0x0000000008000194                . = ALIGN (0x4)
 *(.text)
 .text          0x0000000008000194       0x40 c:/st/stm32cubeide_1.9.0/stm32cubeide/plugins/com.st.stm32cube.ide.mcu.externaltools.gnu-tools-for-stm32.10.3-2021.10.win32_1.0.0.202111181127/tools/bin/../lib/gcc/arm-none-eabi/10.3.1/thumb/v7e-m+fp/hard/crtbegin.o
 *(.text*)
 .text.main     0x00000000080001d4       0x84 ./Src/main.o
                0x00000000080001d4                main
 .text.I2C1_Init
                0x0000000008000258       0x90 ./Src/main.o
                0x0000000008000258                I2C1_Init
 .text.I2Cx_SendData
                0x00000000080002e8       0xb4 ./Src/main.o
                0x00000000080002e8                I2Cx_SendData
 .text.I2Cx_ReceiveData
                0x000000000800039c      0x108 ./Src/main.o
                0x000000000800039c                I2Cx_ReceiveData
 .text.DS3231_ReadRealTime
                0x00000000080004a4       0xbc ./Src/main.o
                0x00000000080004a4                DS3231_ReadRealTime
 .text.DS3231_SetAlarmTime
                0x0000000008000560       0x94 ./Src/main.o
                0x0000000008000560                DS3231_SetAlarmTime
 .text.DS3231_GetClockStatus
                0x00000000080005f4       0x50 ./Src/main.o
                0x00000000080005f4                DS3231_GetClockStatus
 .text.SPI2_MasterInit
                0x0000000008000644       0xcc ./Src/main.o
                0x0000000008000644                SPI2_MasterInit
 .text.SPI_Send_Data
                0x0000000008000710       0x4c ./Src/main.o
                0x0000000008000710                SPI_Send_Data
 .text.MAX7219_Init
                0x000000000800075c       0x34 ./Src/main.o
                0x000000000800075c                MAX7219_Init
 .text.MAX7219_DisplayTime
                0x0000000008000790      0x624 ./Src/main.o
                0x0000000008000790                MAX7219_DisplayTime
 .text.BUTTON_Init
                0x0000000008000db4       0xa4 ./Src/main.o
                0x0000000008000db4                BUTTON_Init
 .text.EXTI9_5_IRQHandler
                0x0000000008000e58       0xbc ./Src/main.o
                0x0000000008000e58                EXTI9_5_IRQHandler
 .text.EXTI15_10_IRQHandler
                0x0000000008000f14       0xdc ./Src/main.o
                0x0000000008000f14                EXTI15_10_IRQHandler
 .text.delay_ms
                0x0000000008000ff0       0x40 ./Src/main.o
                0x0000000008000ff0                delay_ms
 .text.Reset_Handler
                0x0000000008001030       0x50 ./Startup/startup_stm32f401retx.o
                0x0000000008001030                Reset_Handler
 .text.Default_Handler
                0x0000000008001080        0x2 ./Startup/startup_stm32f401retx.o
                0x0000000008001080                EXTI2_IRQHandler
                0x0000000008001080                DebugMon_Handler
                0x0000000008001080                SPI4_IRQHandler
                0x0000000008001080                TIM1_CC_IRQHandler
                0x0000000008001080                HardFault_Handler
                0x0000000008001080                SysTick_Handler
                0x0000000008001080                SDIO_IRQHandler
                0x0000000008001080                TAMP_STAMP_IRQHandler
                0x0000000008001080                PendSV_Handler
                0x0000000008001080                NMI_Handler
                0x0000000008001080                EXTI3_IRQHandler
                0x0000000008001080                TIM1_UP_TIM10_IRQHandler
                0x0000000008001080                I2C3_ER_IRQHandler
                0x0000000008001080                EXTI18_OTG_FS_WKUP_IRQHandler
                0x0000000008001080                EXTI0_IRQHandler
                0x0000000008001080                I2C2_EV_IRQHandler
                0x0000000008001080                FPU_IRQHandler
                0x0000000008001080                UsageFault_Handler
                0x0000000008001080                SPI1_IRQHandler
                0x0000000008001080                TIM1_BRK_TIM9_IRQHandler
                0x0000000008001080                USART6_IRQHandler
                0x0000000008001080                TIM4_IRQHandler
                0x0000000008001080                I2C1_EV_IRQHandler
                0x0000000008001080                TIM3_IRQHandler
                0x0000000008001080                RCC_IRQHandler
                0x0000000008001080                Default_Handler
                0x0000000008001080                ADC_IRQHandler
                0x0000000008001080                TIM5_IRQHandler
                0x0000000008001080                I2C3_EV_IRQHandler
                0x0000000008001080                SPI2_IRQHandler
                0x0000000008001080                MemManage_Handler
                0x0000000008001080                SVC_Handler
                0x0000000008001080                EXTI4_IRQHandler
                0x0000000008001080                EXTI22_RTC_WKUP_IRQHandler
                0x0000000008001080                TIM2_IRQHandler
                0x0000000008001080                EXTI16_PVD_IRQHandler
                0x0000000008001080                TIM1_TRG_COM_TIM11_IRQHandler
                0x0000000008001080                EXTI1_IRQHandler
                0x0000000008001080                EXTI17_RTC_Alarm_IRQHandler
                0x0000000008001080                USART2_IRQHandler
                0x0000000008001080                I2C2_ER_IRQHandler
                0x0000000008001080                FLASH_IRQHandler
                0x0000000008001080                BusFault_Handler
                0x0000000008001080                USART1_IRQHandler
                0x0000000008001080                OTG_FS_IRQHandler
                0x0000000008001080                SPI3_IRQHandler
                0x0000000008001080                I2C1_ER_IRQHandler
 *fill*         0x0000000008001082        0x2 
 .text.SystemInit
                0x0000000008001084       0x6c D:\STM32\STM32_CMCIS\lib_stm\libLibraries.a(system_stm32f4xx.o)
                0x0000000008001084                SystemInit
 .text.SystemCoreClockUpdate
                0x00000000080010f0      0x104 D:\STM32\STM32_CMCIS\lib_stm\libLibraries.a(system_stm32f4xx.o)
                0x00000000080010f0                SystemCoreClockUpdate
 .text.SetSysClock
                0x00000000080011f4       0xa4 D:\STM32\STM32_CMCIS\lib_stm\libLibraries.a(system_stm32f4xx.o)
 .text.NVIC_Init
                0x0000000008001298       0xc4 D:\STM32\STM32_CMCIS\lib_stm\libLibraries.a(misc.o)
                0x0000000008001298                NVIC_Init
 .text.EXTI_Init
                0x000000000800135c       0xe4 D:\STM32\STM32_CMCIS\lib_stm\libLibraries.a(stm32f401re_exti.o)
                0x000000000800135c                EXTI_Init
 .text.EXTI_ClearITPendingBit
                0x0000000008001440       0x20 D:\STM32\STM32_CMCIS\lib_stm\libLibraries.a(stm32f401re_exti.o)
                0x0000000008001440                EXTI_ClearITPendingBit
 .text.GPIO_Init
                0x0000000008001460      0x11e D:\STM32\STM32_CMCIS\lib_stm\libLibraries.a(stm32f401re_gpio.o)
                0x0000000008001460                GPIO_Init
 .text.GPIO_ReadInputDataBit
                0x000000000800157e       0x34 D:\STM32\STM32_CMCIS\lib_stm\libLibraries.a(stm32f401re_gpio.o)
                0x000000000800157e                GPIO_ReadInputDataBit
 .text.GPIO_SetBits
                0x00000000080015b2       0x1e D:\STM32\STM32_CMCIS\lib_stm\libLibraries.a(stm32f401re_gpio.o)
                0x00000000080015b2                GPIO_SetBits
 .text.GPIO_ResetBits
                0x00000000080015d0       0x1e D:\STM32\STM32_CMCIS\lib_stm\libLibraries.a(stm32f401re_gpio.o)
                0x00000000080015d0                GPIO_ResetBits
 .text.GPIO_PinAFConfig
                0x00000000080015ee       0x92 D:\STM32\STM32_CMCIS\lib_stm\libLibraries.a(stm32f401re_gpio.o)
                0x00000000080015ee                GPIO_PinAFConfig
 .text.I2C_Init
                0x0000000008001680      0x184 D:\STM32\STM32_CMCIS\lib_stm\libLibraries.a(stm32f401re_i2c.o)
                0x0000000008001680                I2C_Init
 .text.I2C_Cmd  0x0000000008001804       0x40 D:\STM32\STM32_CMCIS\lib_stm\libLibraries.a(stm32f401re_i2c.o)
                0x0000000008001804                I2C_Cmd
 .text.I2C_GenerateSTART
                0x0000000008001844       0x40 D:\STM32\STM32_CMCIS\lib_stm\libLibraries.a(stm32f401re_i2c.o)
                0x0000000008001844                I2C_GenerateSTART
 .text.I2C_GenerateSTOP
                0x0000000008001884       0x40 D:\STM32\STM32_CMCIS\lib_stm\libLibraries.a(stm32f401re_i2c.o)
                0x0000000008001884                I2C_GenerateSTOP
 .text.I2C_Send7bitAddress
                0x00000000080018c4       0x3c D:\STM32\STM32_CMCIS\lib_stm\libLibraries.a(stm32f401re_i2c.o)
                0x00000000080018c4                I2C_Send7bitAddress
 .text.I2C_SendData
                0x0000000008001900       0x20 D:\STM32\STM32_CMCIS\lib_stm\libLibraries.a(stm32f401re_i2c.o)
                0x0000000008001900                I2C_SendData
 .text.I2C_ReceiveData
                0x0000000008001920       0x1c D:\STM32\STM32_CMCIS\lib_stm\libLibraries.a(stm32f401re_i2c.o)
                0x0000000008001920                I2C_ReceiveData
 .text.I2C_CheckEvent
                0x000000000800193c       0x60 D:\STM32\STM32_CMCIS\lib_stm\libLibraries.a(stm32f401re_i2c.o)
                0x000000000800193c                I2C_CheckEvent
 .text.I2C_GetFlagStatus
                0x000000000800199c       0x66 D:\STM32\STM32_CMCIS\lib_stm\libLibraries.a(stm32f401re_i2c.o)
                0x000000000800199c                I2C_GetFlagStatus
 *fill*         0x0000000008001a02        0x2 
 .text.RCC_GetClocksFreq
                0x0000000008001a04      0x15c D:\STM32\STM32_CMCIS\lib_stm\libLibraries.a(stm32f401re_rcc.o)
                0x0000000008001a04                RCC_GetClocksFreq
 .text.RCC_AHB1PeriphClockCmd
                0x0000000008001b60       0x40 D:\STM32\STM32_CMCIS\lib_stm\libLibraries.a(stm32f401re_rcc.o)
                0x0000000008001b60                RCC_AHB1PeriphClockCmd
 .text.RCC_APB1PeriphClockCmd
                0x0000000008001ba0       0x40 D:\STM32\STM32_CMCIS\lib_stm\libLibraries.a(stm32f401re_rcc.o)
                0x0000000008001ba0                RCC_APB1PeriphClockCmd
 .text.RCC_APB2PeriphClockCmd
                0x0000000008001be0       0x40 D:\STM32\STM32_CMCIS\lib_stm\libLibraries.a(stm32f401re_rcc.o)
                0x0000000008001be0                RCC_APB2PeriphClockCmd
 .text.SPI_Init
                0x0000000008001c20       0x88 D:\STM32\STM32_CMCIS\lib_stm\libLibraries.a(stm32f401re_spi.o)
                0x0000000008001c20                SPI_Init
 .text.SPI_Cmd  0x0000000008001ca8       0x40 D:\STM32\STM32_CMCIS\lib_stm\libLibraries.a(stm32f401re_spi.o)
                0x0000000008001ca8                SPI_Cmd
 .text.SPI_I2S_SendData
                0x0000000008001ce8       0x1e D:\STM32\STM32_CMCIS\lib_stm\libLibraries.a(stm32f401re_spi.o)
                0x0000000008001ce8                SPI_I2S_SendData
 .text.SPI_I2S_GetFlagStatus
                0x0000000008001d06       0x38 D:\STM32\STM32_CMCIS\lib_stm\libLibraries.a(stm32f401re_spi.o)
                0x0000000008001d06                SPI_I2S_GetFlagStatus
 *fill*         0x0000000008001d3e        0x2 
 .text.SYSCFG_EXTILineConfig
                0x0000000008001d40       0x84 D:\STM32\STM32_CMCIS\lib_stm\libLibraries.a(stm32f401re_syscfg.o)
                0x0000000008001d40                SYSCFG_EXTILineConfig
 .text.__libc_init_array
                0x0000000008001dc4       0x48 c:/st/stm32cubeide_1.9.0/stm32cubeide/plugins/com.st.stm32cube.ide.mcu.externaltools.gnu-tools-for-stm32.10.3-2021.10.win32_1.0.0.202111181127/tools/bin/../lib/gcc/arm-none-eabi/10.3.1/../../../../arm-none-eabi/lib/thumb/v7e-m+fp/hard\libc_nano.a(lib_a-init.o)
                0x0000000008001dc4                __libc_init_array
 *(.glue_7)
 .glue_7        0x0000000008001e0c        0x0 linker stubs
 *(.glue_7t)
 .glue_7t       0x0000000008001e0c        0x0 linker stubs
 *(.eh_frame)
 .eh_frame      0x0000000008001e0c        0x0 c:/st/stm32cubeide_1.9.0/stm32cubeide/plugins/com.st.stm32cube.ide.mcu.externaltools.gnu-tools-for-stm32.10.3-2021.10.win32_1.0.0.202111181127/tools/bin/../lib/gcc/arm-none-eabi/10.3.1/thumb/v7e-m+fp/hard/crtbegin.o
 *(.init)
 .init          0x0000000008001e0c        0x4 c:/st/stm32cubeide_1.9.0/stm32cubeide/plugins/com.st.stm32cube.ide.mcu.externaltools.gnu-tools-for-stm32.10.3-2021.10.win32_1.0.0.202111181127/tools/bin/../lib/gcc/arm-none-eabi/10.3.1/thumb/v7e-m+fp/hard/crti.o
                0x0000000008001e0c                _init
 .init          0x0000000008001e10        0x8 c:/st/stm32cubeide_1.9.0/stm32cubeide/plugins/com.st.stm32cube.ide.mcu.externaltools.gnu-tools-for-stm32.10.3-2021.10.win32_1.0.0.202111181127/tools/bin/../lib/gcc/arm-none-eabi/10.3.1/thumb/v7e-m+fp/hard/crtn.o
 *(.fini)
 .fini          0x0000000008001e18        0x4 c:/st/stm32cubeide_1.9.0/stm32cubeide/plugins/com.st.stm32cube.ide.mcu.externaltools.gnu-tools-for-stm32.10.3-2021.10.win32_1.0.0.202111181127/tools/bin/../lib/gcc/arm-none-eabi/10.3.1/thumb/v7e-m+fp/hard/crti.o
                0x0000000008001e18                _fini
 .fini          0x0000000008001e1c        0x8 c:/st/stm32cubeide_1.9.0/stm32cubeide/plugins/com.st.stm32cube.ide.mcu.externaltools.gnu-tools-for-stm32.10.3-2021.10.win32_1.0.0.202111181127/tools/bin/../lib/gcc/arm-none-eabi/10.3.1/thumb/v7e-m+fp/hard/crtn.o
                0x0000000008001e24                . = ALIGN (0x4)
                0x0000000008001e24                _etext = .

.vfp11_veneer   0x0000000008001e24        0x0
 .vfp11_veneer  0x0000000008001e24        0x0 linker stubs

.v4_bx          0x0000000008001e24        0x0
 .v4_bx         0x0000000008001e24        0x0 linker stubs

.iplt           0x0000000008001e24        0x0
 .iplt          0x0000000008001e24        0x0 c:/st/stm32cubeide_1.9.0/stm32cubeide/plugins/com.st.stm32cube.ide.mcu.externaltools.gnu-tools-for-stm32.10.3-2021.10.win32_1.0.0.202111181127/tools/bin/../lib/gcc/arm-none-eabi/10.3.1/thumb/v7e-m+fp/hard/crtbegin.o

.rel.dyn        0x0000000008001e24        0x0
 .rel.iplt      0x0000000008001e24        0x0 c:/st/stm32cubeide_1.9.0/stm32cubeide/plugins/com.st.stm32cube.ide.mcu.externaltools.gnu-tools-for-stm32.10.3-2021.10.win32_1.0.0.202111181127/tools/bin/../lib/gcc/arm-none-eabi/10.3.1/thumb/v7e-m+fp/hard/crtbegin.o

.rodata         0x0000000008001e24        0x0
                0x0000000008001e24                . = ALIGN (0x4)
 *(.rodata)
 *(.rodata*)
                0x0000000008001e24                . = ALIGN (0x4)

.ARM.extab      0x0000000008001e24        0x0
                0x0000000008001e24                . = ALIGN (0x4)
 *(.ARM.extab* .gnu.linkonce.armextab.*)
                0x0000000008001e24                . = ALIGN (0x4)

.ARM            0x0000000008001e24        0x0
                0x0000000008001e24                . = ALIGN (0x4)
                0x0000000008001e24                __exidx_start = .
 *(.ARM.exidx*)
                0x0000000008001e24                __exidx_end = .
                0x0000000008001e24                . = ALIGN (0x4)

.preinit_array  0x0000000008001e24        0x0
                0x0000000008001e24                . = ALIGN (0x4)
                0x0000000008001e24                PROVIDE (__preinit_array_start = .)
 *(.preinit_array*)
                0x0000000008001e24                PROVIDE (__preinit_array_end = .)
                0x0000000008001e24                . = ALIGN (0x4)

.init_array     0x0000000008001e24        0x4
                0x0000000008001e24                . = ALIGN (0x4)
                0x0000000008001e24                PROVIDE (__init_array_start = .)
 *(SORT_BY_NAME(.init_array.*))
 *(.init_array*)
 .init_array    0x0000000008001e24        0x4 c:/st/stm32cubeide_1.9.0/stm32cubeide/plugins/com.st.stm32cube.ide.mcu.externaltools.gnu-tools-for-stm32.10.3-2021.10.win32_1.0.0.202111181127/tools/bin/../lib/gcc/arm-none-eabi/10.3.1/thumb/v7e-m+fp/hard/crtbegin.o
                0x0000000008001e28                PROVIDE (__init_array_end = .)
                0x0000000008001e28                . = ALIGN (0x4)

.fini_array     0x0000000008001e28        0x4
                0x0000000008001e28                . = ALIGN (0x4)
                [!provide]                        PROVIDE (__fini_array_start = .)
 *(SORT_BY_NAME(.fini_array.*))
 *(.fini_array*)
 .fini_array    0x0000000008001e28        0x4 c:/st/stm32cubeide_1.9.0/stm32cubeide/plugins/com.st.stm32cube.ide.mcu.externaltools.gnu-tools-for-stm32.10.3-2021.10.win32_1.0.0.202111181127/tools/bin/../lib/gcc/arm-none-eabi/10.3.1/thumb/v7e-m+fp/hard/crtbegin.o
                [!provide]                        PROVIDE (__fini_array_end = .)
                0x0000000008001e2c                . = ALIGN (0x4)
                0x0000000008001e2c                _sidata = LOADADDR (.data)

.data           0x0000000020000000       0x30 load address 0x0000000008001e2c
                0x0000000020000000                . = ALIGN (0x4)
                0x0000000020000000                _sdata = .
 *(.data)
 *(.data*)
 .data.max7219_code
                0x0000000020000000        0xa ./Src/main.o
                0x0000000020000000                max7219_code
 *fill*         0x000000002000000a        0x2 
 .data.SystemCoreClock
                0x000000002000000c        0x4 D:\STM32\STM32_CMCIS\lib_stm\libLibraries.a(system_stm32f4xx.o)
                0x000000002000000c                SystemCoreClock
 .data.AHBPrescTable
                0x0000000020000010       0x10 D:\STM32\STM32_CMCIS\lib_stm\libLibraries.a(system_stm32f4xx.o)
                0x0000000020000010                AHBPrescTable
 .data.APBAHBPrescTable
                0x0000000020000020       0x10 D:\STM32\STM32_CMCIS\lib_stm\libLibraries.a(stm32f401re_rcc.o)
 *(.RamFunc)
 *(.RamFunc*)
                0x0000000020000030                . = ALIGN (0x4)
                0x0000000020000030                _edata = .

.igot.plt       0x0000000020000030        0x0 load address 0x0000000008001e5c
 .igot.plt      0x0000000020000030        0x0 c:/st/stm32cubeide_1.9.0/stm32cubeide/plugins/com.st.stm32cube.ide.mcu.externaltools.gnu-tools-for-stm32.10.3-2021.10.win32_1.0.0.202111181127/tools/bin/../lib/gcc/arm-none-eabi/10.3.1/thumb/v7e-m+fp/hard/crtbegin.o
                0x0000000020000030                . = ALIGN (0x4)

.bss            0x0000000020000030       0x28 load address 0x0000000008001e5c
                0x0000000020000030                _sbss = .
                0x0000000020000030                __bss_start__ = _sbss
 *(.bss)
 .bss           0x0000000020000030       0x1c c:/st/stm32cubeide_1.9.0/stm32cubeide/plugins/com.st.stm32cube.ide.mcu.externaltools.gnu-tools-for-stm32.10.3-2021.10.win32_1.0.0.202111181127/tools/bin/../lib/gcc/arm-none-eabi/10.3.1/thumb/v7e-m+fp/hard/crtbegin.o
 *(.bss*)
 .bss.real_time
                0x000000002000004c        0x3 ./Src/main.o
                0x000000002000004c                real_time
 *fill*         0x000000002000004f        0x1 
 .bss.alarm_time
                0x0000000020000050        0x3 ./Src/main.o
                0x0000000020000050                alarm_time
 .bss.clock_mode
                0x0000000020000053        0x1 ./Src/main.o
                0x0000000020000053                clock_mode
 .bss.setting_mode
                0x0000000020000054        0x1 ./Src/main.o
                0x0000000020000054                setting_mode
 .bss.old_seconds
                0x0000000020000055        0x1 ./Src/main.o
                0x0000000020000055                old_seconds
 *(COMMON)
                0x0000000020000058                . = ALIGN (0x4)
 *fill*         0x0000000020000056        0x2 
                0x0000000020000058                _ebss = .
                0x0000000020000058                __bss_end__ = _ebss

._user_heap_stack
                0x0000000020000058      0x600 load address 0x0000000008001e5c
                0x0000000020000058                . = ALIGN (0x8)
                [!provide]                        PROVIDE (end = .)
                0x0000000020000058                PROVIDE (_end = .)
                0x0000000020000258                . = (. + _Min_Heap_Size)
 *fill*         0x0000000020000058      0x200 
                0x0000000020000658                . = (. + _Min_Stack_Size)
 *fill*         0x0000000020000258      0x400 
                0x0000000020000658                . = ALIGN (0x8)

/DISCARD/
 libc.a(*)
 libm.a(*)
 libgcc.a(*)

.ARM.attributes
                0x0000000000000000       0x30
 *(.ARM.attributes)
 .ARM.attributes
                0x0000000000000000       0x1e c:/st/stm32cubeide_1.9.0/stm32cubeide/plugins/com.st.stm32cube.ide.mcu.externaltools.gnu-tools-for-stm32.10.3-2021.10.win32_1.0.0.202111181127/tools/bin/../lib/gcc/arm-none-eabi/10.3.1/thumb/v7e-m+fp/hard/crti.o
 .ARM.attributes
                0x000000000000001e       0x34 c:/st/stm32cubeide_1.9.0/stm32cubeide/plugins/com.st.stm32cube.ide.mcu.externaltools.gnu-tools-for-stm32.10.3-2021.10.win32_1.0.0.202111181127/tools/bin/../lib/gcc/arm-none-eabi/10.3.1/thumb/v7e-m+fp/hard/crtbegin.o
 .ARM.attributes
                0x0000000000000052       0x34 ./Src/main.o
 .ARM.attributes
                0x0000000000000086       0x21 ./Startup/startup_stm32f401retx.o
 .ARM.attributes
                0x00000000000000a7       0x34 D:\STM32\STM32_CMCIS\lib_stm\libLibraries.a(system_stm32f4xx.o)
 .ARM.attributes
                0x00000000000000db       0x34 D:\STM32\STM32_CMCIS\lib_stm\libLibraries.a(misc.o)
 .ARM.attributes
                0x000000000000010f       0x34 D:\STM32\STM32_CMCIS\lib_stm\libLibraries.a(stm32f401re_exti.o)
 .ARM.attributes
                0x0000000000000143       0x34 D:\STM32\STM32_CMCIS\lib_stm\libLibraries.a(stm32f401re_gpio.o)
 .ARM.attributes
                0x0000000000000177       0x34 D:\STM32\STM32_CMCIS\lib_stm\libLibraries.a(stm32f401re_i2c.o)
 .ARM.attributes
                0x00000000000001ab       0x34 D:\STM32\STM32_CMCIS\lib_stm\libLibraries.a(stm32f401re_rcc.o)
 .ARM.attributes
                0x00000000000001df       0x34 D:\STM32\STM32_CMCIS\lib_stm\libLibraries.a(stm32f401re_spi.o)
 .ARM.attributes
                0x0000000000000213       0x34 D:\STM32\STM32_CMCIS\lib_stm\libLibraries.a(stm32f401re_syscfg.o)
 .ARM.attributes
                0x0000000000000247       0x34 c:/st/stm32cubeide_1.9.0/stm32cubeide/plugins/com.st.stm32cube.ide.mcu.externaltools.gnu-tools-for-stm32.10.3-2021.10.win32_1.0.0.202111181127/tools/bin/../lib/gcc/arm-none-eabi/10.3.1/../../../../arm-none-eabi/lib/thumb/v7e-m+fp/hard\libc_nano.a(lib_a-init.o)
 .ARM.attributes
                0x000000000000027b       0x1e c:/st/stm32cubeide_1.9.0/stm32cubeide/plugins/com.st.stm32cube.ide.mcu.externaltools.gnu-tools-for-stm32.10.3-2021.10.win32_1.0.0.202111181127/tools/bin/../lib/gcc/arm-none-eabi/10.3.1/thumb/v7e-m+fp/hard/crtn.o
OUTPUT(DIGITAL_CLOCK.elf elf32-littlearm)
LOAD linker stubs
LOAD c:/st/stm32cubeide_1.9.0/stm32cubeide/plugins/com.st.stm32cube.ide.mcu.externaltools.gnu-tools-for-stm32.10.3-2021.10.win32_1.0.0.202111181127/tools/bin/../lib/gcc/arm-none-eabi/10.3.1/../../../../arm-none-eabi/lib/thumb/v7e-m+fp/hard\libc.a
LOAD c:/st/stm32cubeide_1.9.0/stm32cubeide/plugins/com.st.stm32cube.ide.mcu.externaltools.gnu-tools-for-stm32.10.3-2021.10.win32_1.0.0.202111181127/tools/bin/../lib/gcc/arm-none-eabi/10.3.1/../../../../arm-none-eabi/lib/thumb/v7e-m+fp/hard\libm.a
LOAD c:/st/stm32cubeide_1.9.0/stm32cubeide/plugins/com.st.stm32cube.ide.mcu.externaltools.gnu-tools-for-stm32.10.3-2021.10.win32_1.0.0.202111181127/tools/bin/../lib/gcc/arm-none-eabi/10.3.1/thumb/v7e-m+fp/hard\libgcc.a

.debug_info     0x0000000000000000     0x4edc
 .debug_info    0x0000000000000000      0xfcc ./Src/main.o
 .debug_info    0x0000000000000fcc       0x22 ./Startup/startup_stm32f401retx.o
 .debug_info    0x0000000000000fee      0x610 D:\STM32\STM32_CMCIS\lib_stm\libLibraries.a(system_stm32f4xx.o)
 .debug_info    0x00000000000015fe      0x596 D:\STM32\STM32_CMCIS\lib_stm\libLibraries.a(misc.o)
 .debug_info    0x0000000000001b94      0x387 D:\STM32\STM32_CMCIS\lib_stm\libLibraries.a(stm32f401re_exti.o)
 .debug_info    0x0000000000001f1b      0x683 D:\STM32\STM32_CMCIS\lib_stm\libLibraries.a(stm32f401re_gpio.o)
 .debug_info    0x000000000000259e      0xc4f D:\STM32\STM32_CMCIS\lib_stm\libLibraries.a(stm32f401re_i2c.o)
 .debug_info    0x00000000000031ed      0xe24 D:\STM32\STM32_CMCIS\lib_stm\libLibraries.a(stm32f401re_rcc.o)
 .debug_info    0x0000000000004011      0xc03 D:\STM32\STM32_CMCIS\lib_stm\libLibraries.a(stm32f401re_spi.o)
 .debug_info    0x0000000000004c14      0x2c8 D:\STM32\STM32_CMCIS\lib_stm\libLibraries.a(stm32f401re_syscfg.o)

.debug_abbrev   0x0000000000000000     0x107a
 .debug_abbrev  0x0000000000000000      0x2e5 ./Src/main.o
 .debug_abbrev  0x00000000000002e5       0x12 ./Startup/startup_stm32f401retx.o
 .debug_abbrev  0x00000000000002f7      0x154 D:\STM32\STM32_CMCIS\lib_stm\libLibraries.a(system_stm32f4xx.o)
 .debug_abbrev  0x000000000000044b      0x199 D:\STM32\STM32_CMCIS\lib_stm\libLibraries.a(misc.o)
 .debug_abbrev  0x00000000000005e4      0x1ed D:\STM32\STM32_CMCIS\lib_stm\libLibraries.a(stm32f401re_exti.o)
 .debug_abbrev  0x00000000000007d1      0x1e9 D:\STM32\STM32_CMCIS\lib_stm\libLibraries.a(stm32f401re_gpio.o)
 .debug_abbrev  0x00000000000009ba      0x1bc D:\STM32\STM32_CMCIS\lib_stm\libLibraries.a(stm32f401re_i2c.o)
 .debug_abbrev  0x0000000000000b76      0x1fc D:\STM32\STM32_CMCIS\lib_stm\libLibraries.a(stm32f401re_rcc.o)
 .debug_abbrev  0x0000000000000d72      0x1a1 D:\STM32\STM32_CMCIS\lib_stm\libLibraries.a(stm32f401re_spi.o)
 .debug_abbrev  0x0000000000000f13      0x167 D:\STM32\STM32_CMCIS\lib_stm\libLibraries.a(stm32f401re_syscfg.o)

.debug_aranges  0x0000000000000000      0x600
 .debug_aranges
                0x0000000000000000       0x90 ./Src/main.o
 .debug_aranges
                0x0000000000000090       0x28 ./Startup/startup_stm32f401retx.o
 .debug_aranges
                0x00000000000000b8       0x30 D:\STM32\STM32_CMCIS\lib_stm\libLibraries.a(system_stm32f4xx.o)
 .debug_aranges
                0x00000000000000e8       0x40 D:\STM32\STM32_CMCIS\lib_stm\libLibraries.a(misc.o)
 .debug_aranges
                0x0000000000000128       0x58 D:\STM32\STM32_CMCIS\lib_stm\libLibraries.a(stm32f401re_exti.o)
 .debug_aranges
                0x0000000000000180       0x88 D:\STM32\STM32_CMCIS\lib_stm\libLibraries.a(stm32f401re_gpio.o)
 .debug_aranges
                0x0000000000000208      0x130 D:\STM32\STM32_CMCIS\lib_stm\libLibraries.a(stm32f401re_i2c.o)
 .debug_aranges
                0x0000000000000338      0x198 D:\STM32\STM32_CMCIS\lib_stm\libLibraries.a(stm32f401re_rcc.o)
 .debug_aranges
                0x00000000000004d0       0xe0 D:\STM32\STM32_CMCIS\lib_stm\libLibraries.a(stm32f401re_spi.o)
 .debug_aranges
                0x00000000000005b0       0x50 D:\STM32\STM32_CMCIS\lib_stm\libLibraries.a(stm32f401re_syscfg.o)

.debug_ranges   0x0000000000000000      0x568
 .debug_ranges  0x0000000000000000       0x80 ./Src/main.o
 .debug_ranges  0x0000000000000080       0x20 ./Startup/startup_stm32f401retx.o
 .debug_ranges  0x00000000000000a0       0x20 D:\STM32\STM32_CMCIS\lib_stm\libLibraries.a(system_stm32f4xx.o)
 .debug_ranges  0x00000000000000c0       0x30 D:\STM32\STM32_CMCIS\lib_stm\libLibraries.a(misc.o)
 .debug_ranges  0x00000000000000f0       0x48 D:\STM32\STM32_CMCIS\lib_stm\libLibraries.a(stm32f401re_exti.o)
 .debug_ranges  0x0000000000000138       0x78 D:\STM32\STM32_CMCIS\lib_stm\libLibraries.a(stm32f401re_gpio.o)
 .debug_ranges  0x00000000000001b0      0x120 D:\STM32\STM32_CMCIS\lib_stm\libLibraries.a(stm32f401re_i2c.o)
 .debug_ranges  0x00000000000002d0      0x188 D:\STM32\STM32_CMCIS\lib_stm\libLibraries.a(stm32f401re_rcc.o)
 .debug_ranges  0x0000000000000458       0xd0 D:\STM32\STM32_CMCIS\lib_stm\libLibraries.a(stm32f401re_spi.o)
 .debug_ranges  0x0000000000000528       0x40 D:\STM32\STM32_CMCIS\lib_stm\libLibraries.a(stm32f401re_syscfg.o)

.debug_macro    0x0000000000000000     0xee33
 .debug_macro   0x0000000000000000      0x2fb ./Src/main.o
 .debug_macro   0x00000000000002fb      0xa84 ./Src/main.o
 .debug_macro   0x0000000000000d7f       0x6b ./Src/main.o
 .debug_macro   0x0000000000000dea       0x3b ./Src/main.o
 .debug_macro   0x0000000000000e25       0x22 ./Src/main.o
 .debug_macro   0x0000000000000e47       0x8e ./Src/main.o
 .debug_macro   0x0000000000000ed5       0x51 ./Src/main.o
 .debug_macro   0x0000000000000f26      0x103 ./Src/main.o
 .debug_macro   0x0000000000001029       0x6a ./Src/main.o
 .debug_macro   0x0000000000001093      0x1df ./Src/main.o
 .debug_macro   0x0000000000001272       0x34 ./Src/main.o
 .debug_macro   0x00000000000012a6       0x26 ./Src/main.o
 .debug_macro   0x00000000000012cc      0xe43 ./Src/main.o
 .debug_macro   0x000000000000210f     0x8018 ./Src/main.o
 .debug_macro   0x000000000000a127      0x644 ./Src/main.o
 .debug_macro   0x000000000000a76b      0x2f4 ./Src/main.o
 .debug_macro   0x000000000000aa5f      0x36c ./Src/main.o
 .debug_macro   0x000000000000adcb      0x2ba ./Src/main.o
 .debug_macro   0x000000000000b085      0x741 ./Src/main.o
 .debug_macro   0x000000000000b7c6      0x223 ./Src/main.o
 .debug_macro   0x000000000000b9e9       0xb6 ./Src/main.o
 .debug_macro   0x000000000000ba9f      0x10d ./Src/main.o
 .debug_macro   0x000000000000bbac       0x82 ./Src/main.o
 .debug_macro   0x000000000000bc2e       0x52 ./Src/main.o
 .debug_macro   0x000000000000bc80       0x1e ./Src/main.o
 .debug_macro   0x000000000000bc9e       0x3c ./Src/main.o
 .debug_macro   0x000000000000bcda       0x34 ./Src/main.o
 .debug_macro   0x000000000000bd0e       0x16 ./Src/main.o
 .debug_macro   0x000000000000bd24       0x97 ./Src/main.o
 .debug_macro   0x000000000000bdbb      0x341 ./Src/main.o
 .debug_macro   0x000000000000c0fc       0xfd ./Src/main.o
 .debug_macro   0x000000000000c1f9       0x10 ./Src/main.o
 .debug_macro   0x000000000000c209       0x16 ./Src/main.o
 .debug_macro   0x000000000000c21f       0x43 ./Src/main.o
 .debug_macro   0x000000000000c262       0x34 ./Src/main.o
 .debug_macro   0x000000000000c296       0x10 ./Src/main.o
 .debug_macro   0x000000000000c2a6       0x58 ./Src/main.o
 .debug_macro   0x000000000000c2fe       0x71 ./Src/main.o
 .debug_macro   0x000000000000c36f       0x1c ./Src/main.o
 .debug_macro   0x000000000000c38b      0x12a ./Src/main.o
 .debug_macro   0x000000000000c4b5       0x10 ./Src/main.o
 .debug_macro   0x000000000000c4c5       0x1c ./Src/main.o
 .debug_macro   0x000000000000c4e1       0x52 ./Src/main.o
 .debug_macro   0x000000000000c533       0x22 ./Src/main.o
 .debug_macro   0x000000000000c555       0x10 ./Src/main.o
 .debug_macro   0x000000000000c565       0x52 ./Src/main.o
 .debug_macro   0x000000000000c5b7       0xd5 ./Src/main.o
 .debug_macro   0x000000000000c68c       0x1c ./Src/main.o
 .debug_macro   0x000000000000c6a8       0x3d ./Src/main.o
 .debug_macro   0x000000000000c6e5       0x16 ./Src/main.o
 .debug_macro   0x000000000000c6fb      0x145 ./Src/main.o
 .debug_macro   0x000000000000c840      0x19b ./Src/main.o
 .debug_macro   0x000000000000c9db       0x16 ./Src/main.o
 .debug_macro   0x000000000000c9f1       0x35 ./Src/main.o
 .debug_macro   0x000000000000ca26       0x16 ./Src/main.o
 .debug_macro   0x000000000000ca3c       0x29 ./Src/main.o
 .debug_macro   0x000000000000ca65       0xce D:\STM32\STM32_CMCIS\lib_stm\libLibraries.a(system_stm32f4xx.o)
 .debug_macro   0x000000000000cb33      0xab4 D:\STM32\STM32_CMCIS\lib_stm\libLibraries.a(system_stm32f4xx.o)
 .debug_macro   0x000000000000d5e7       0x22 D:\STM32\STM32_CMCIS\lib_stm\libLibraries.a(system_stm32f4xx.o)
 .debug_macro   0x000000000000d609       0xc0 D:\STM32\STM32_CMCIS\lib_stm\libLibraries.a(misc.o)
 .debug_macro   0x000000000000d6c9       0x7c D:\STM32\STM32_CMCIS\lib_stm\libLibraries.a(misc.o)
 .debug_macro   0x000000000000d745       0xc0 D:\STM32\STM32_CMCIS\lib_stm\libLibraries.a(stm32f401re_exti.o)
 .debug_macro   0x000000000000d805       0xb0 D:\STM32\STM32_CMCIS\lib_stm\libLibraries.a(stm32f401re_exti.o)
 .debug_macro   0x000000000000d8b5       0xc3 D:\STM32\STM32_CMCIS\lib_stm\libLibraries.a(stm32f401re_gpio.o)
 .debug_macro   0x000000000000d978      0x2ee D:\STM32\STM32_CMCIS\lib_stm\libLibraries.a(stm32f401re_gpio.o)
 .debug_macro   0x000000000000dc66      0x64a D:\STM32\STM32_CMCIS\lib_stm\libLibraries.a(stm32f401re_gpio.o)
 .debug_macro   0x000000000000e2b0       0xd5 D:\STM32\STM32_CMCIS\lib_stm\libLibraries.a(stm32f401re_i2c.o)
 .debug_macro   0x000000000000e385      0x2b4 D:\STM32\STM32_CMCIS\lib_stm\libLibraries.a(stm32f401re_i2c.o)
 .debug_macro   0x000000000000e639      0x18d D:\STM32\STM32_CMCIS\lib_stm\libLibraries.a(stm32f401re_rcc.o)
 .debug_macro   0x000000000000e7c6       0xef D:\STM32\STM32_CMCIS\lib_stm\libLibraries.a(stm32f401re_spi.o)
 .debug_macro   0x000000000000e8b5      0x366 D:\STM32\STM32_CMCIS\lib_stm\libLibraries.a(stm32f401re_spi.o)
 .debug_macro   0x000000000000ec1b      0x111 D:\STM32\STM32_CMCIS\lib_stm\libLibraries.a(stm32f401re_syscfg.o)
 .debug_macro   0x000000000000ed2c      0x107 D:\STM32\STM32_CMCIS\lib_stm\libLibraries.a(stm32f401re_syscfg.o)

.debug_line     0x0000000000000000     0x4ecd
 .debug_line    0x0000000000000000      0xd30 ./Src/main.o
 .debug_line    0x0000000000000d30       0x84 ./Startup/startup_stm32f401retx.o
 .debug_line    0x0000000000000db4      0x56e D:\STM32\STM32_CMCIS\lib_stm\libLibraries.a(system_stm32f4xx.o)
 .debug_line    0x0000000000001322      0x5d2 D:\STM32\STM32_CMCIS\lib_stm\libLibraries.a(misc.o)
 .debug_line    0x00000000000018f4      0x66c D:\STM32\STM32_CMCIS\lib_stm\libLibraries.a(stm32f401re_exti.o)
 .debug_line    0x0000000000001f60      0x80c D:\STM32\STM32_CMCIS\lib_stm\libLibraries.a(stm32f401re_gpio.o)
 .debug_line    0x000000000000276c      0xa91 D:\STM32\STM32_CMCIS\lib_stm\libLibraries.a(stm32f401re_i2c.o)
 .debug_line    0x00000000000031fd      0xce4 D:\STM32\STM32_CMCIS\lib_stm\libLibraries.a(stm32f401re_rcc.o)
 .debug_line    0x0000000000003ee1      0xa0c D:\STM32\STM32_CMCIS\lib_stm\libLibraries.a(stm32f401re_spi.o)
 .debug_line    0x00000000000048ed      0x5e0 D:\STM32\STM32_CMCIS\lib_stm\libLibraries.a(stm32f401re_syscfg.o)

.debug_str      0x0000000000000000    0x4c015
 .debug_str     0x0000000000000000    0x49fdf ./Src/main.o
                                      0x4a28d (size before relaxing)
 .debug_str     0x0000000000049fdf       0x31 ./Startup/startup_stm32f401retx.o
                                         0x5e (size before relaxing)
 .debug_str     0x000000000004a010      0x668 D:\STM32\STM32_CMCIS\lib_stm\libLibraries.a(system_stm32f4xx.o)
                                      0x3592b (size before relaxing)
 .debug_str     0x000000000004a678      0x17d D:\STM32\STM32_CMCIS\lib_stm\libLibraries.a(misc.o)
                                      0x35dff (size before relaxing)
 .debug_str     0x000000000004a7f5      0x100 D:\STM32\STM32_CMCIS\lib_stm\libLibraries.a(stm32f401re_exti.o)
                                      0x35fcc (size before relaxing)
 .debug_str     0x000000000004a8f5      0x140 D:\STM32\STM32_CMCIS\lib_stm\libLibraries.a(stm32f401re_gpio.o)
                                      0x3a77d (size before relaxing)
 .debug_str     0x000000000004aa35      0x3b9 D:\STM32\STM32_CMCIS\lib_stm\libLibraries.a(stm32f401re_i2c.o)
                                      0x3b015 (size before relaxing)
 .debug_str     0x000000000004adee      0xb0f D:\STM32\STM32_CMCIS\lib_stm\libLibraries.a(stm32f401re_rcc.o)
                                      0x39b8e (size before relaxing)
 .debug_str     0x000000000004b8fd      0x30c D:\STM32\STM32_CMCIS\lib_stm\libLibraries.a(stm32f401re_spi.o)
                                      0x3aff9 (size before relaxing)
 .debug_str     0x000000000004bc09      0x40c D:\STM32\STM32_CMCIS\lib_stm\libLibraries.a(stm32f401re_syscfg.o)
                                      0x39c9e (size before relaxing)

.comment        0x0000000000000000       0xa3
 .comment       0x0000000000000000       0x50 ./Src/main.o
                                         0x51 (size before relaxing)
 .comment       0x0000000000000050       0x53 D:\STM32\STM32_CMCIS\lib_stm\libLibraries.a(system_stm32f4xx.o)
                                         0x54 (size before relaxing)
 .comment       0x00000000000000a3       0x54 D:\STM32\STM32_CMCIS\lib_stm\libLibraries.a(misc.o)
 .comment       0x00000000000000a3       0x54 D:\STM32\STM32_CMCIS\lib_stm\libLibraries.a(stm32f401re_exti.o)
 .comment       0x00000000000000a3       0x54 D:\STM32\STM32_CMCIS\lib_stm\libLibraries.a(stm32f401re_gpio.o)
 .comment       0x00000000000000a3       0x54 D:\STM32\STM32_CMCIS\lib_stm\libLibraries.a(stm32f401re_i2c.o)
 .comment       0x00000000000000a3       0x54 D:\STM32\STM32_CMCIS\lib_stm\libLibraries.a(stm32f401re_rcc.o)
 .comment       0x00000000000000a3       0x54 D:\STM32\STM32_CMCIS\lib_stm\libLibraries.a(stm32f401re_spi.o)
 .comment       0x00000000000000a3       0x54 D:\STM32\STM32_CMCIS\lib_stm\libLibraries.a(stm32f401re_syscfg.o)

.debug_frame    0x0000000000000000     0x1924
 .debug_frame   0x0000000000000000      0x224 ./Src/main.o
 .debug_frame   0x0000000000000224       0x74 D:\STM32\STM32_CMCIS\lib_stm\libLibraries.a(system_stm32f4xx.o)
 .debug_frame   0x0000000000000298       0xd8 D:\STM32\STM32_CMCIS\lib_stm\libLibraries.a(misc.o)
 .debug_frame   0x0000000000000370      0x148 D:\STM32\STM32_CMCIS\lib_stm\libLibraries.a(stm32f401re_exti.o)
 .debug_frame   0x00000000000004b8      0x23c D:\STM32\STM32_CMCIS\lib_stm\libLibraries.a(stm32f401re_gpio.o)
 .debug_frame   0x00000000000006f4      0x580 D:\STM32\STM32_CMCIS\lib_stm\libLibraries.a(stm32f401re_i2c.o)
 .debug_frame   0x0000000000000c74      0x774 D:\STM32\STM32_CMCIS\lib_stm\libLibraries.a(stm32f401re_rcc.o)
 .debug_frame   0x00000000000013e8      0x3f4 D:\STM32\STM32_CMCIS\lib_stm\libLibraries.a(stm32f401re_spi.o)
 .debug_frame   0x00000000000017dc      0x11c D:\STM32\STM32_CMCIS\lib_stm\libLibraries.a(stm32f401re_syscfg.o)
 .debug_frame   0x00000000000018f8       0x2c c:/st/stm32cubeide_1.9.0/stm32cubeide/plugins/com.st.stm32cube.ide.mcu.externaltools.gnu-tools-for-stm32.10.3-2021.10.win32_1.0.0.202111181127/tools/bin/../lib/gcc/arm-none-eabi/10.3.1/../../../../arm-none-eabi/lib/thumb/v7e-m+fp/hard\libc_nano.a(lib_a-init.o)
