05:28:00 **** Incremental Build of configuration Debug for project DIGITAL_CLOCK ****
make -j4 all 
arm-none-eabi-size   DIGITAL_CLOCK.elf 
   text	   data	    bss	    dec	    hex	filename
   7716	     56	   1576	   9348	   2484	DIGITAL_CLOCK.elf
Finished building: default.size.stdout
 
05:28:08 **** Incremental Build of configuration Debug for project DIGITAL_CLOCK ****
make -j4 all 
arm-none-eabi-size   DIGITAL_CLOCK.elf 
   text	   data	    bss	    dec	    hex	filename
   7716	     56	   1576	   9348	   2484	DIGITAL_CLOCK.elf
Finished building: default.size.stdout
 
